CCS PCM C Compiler, Version 4.057, 51112               17-Jun-15 23:53

               Filename: main.lst

               ROM used: 57 words (1%)
                         Largest free fragment is 2048
               RAM used: 6 (3%) at main() level
                         6 (3%) worst case
               Stack:    0 locations

*
0000:  MOVLW  00
0001:  MOVWF  0A
0002:  GOTO   004
0003:  NOP
.................... #include "C:\Users\ccsn\Desktop\pic\PROGRAMS\pblink timer interrupt\main.h" 
.................... #include <16C73.h> 
.................... //////// Standard Header file for the PIC16C73 device //////////////// 
.................... #device PIC16C73 
.................... #list 
....................  
.................... #device adc=8 
....................  
.................... #FUSES NOWDT                 	//No Watch Dog Timer 
.................... #FUSES LP                    	//Low power osc < 200 khz 
.................... #FUSES NOPUT                 	//No Power Up Timer 
.................... #FUSES PROTECT               	//Code protected from reads 
....................  
.................... #use delay(clock=20000000) 
.................... #use rs232(baud=9600,parity=N,xmit=PIN_C6,rcv=PIN_C7,bits=8) 
....................  
....................  
.................... #int_RTCC 
.................... int i=0; 
*
0013:  BCF    03.5
0014:  CLRF   25
.................... void  RTCC_isr(void)  
.................... { 
.................... SET_TIMER0(0); 
.................... i=~i; 
.................... OUTPUT_B(i); 
.................... } 
....................  
.................... void main() 
.................... { 
*
0004:  CLRF   04
0005:  MOVLW  1F
0006:  ANDWF  03,F
0007:  MOVLW  81
0008:  BSF    03.5
0009:  MOVWF  19
000A:  MOVLW  A6
000B:  MOVWF  18
000C:  MOVLW  90
000D:  BCF    03.5
000E:  MOVWF  18
000F:  BSF    03.5
0010:  BSF    1F.0
0011:  BSF    1F.1
0012:  BSF    1F.2
....................  
....................    setup_adc_ports(NO_ANALOGS); 
*
0015:  BSF    03.5
0016:  BSF    1F.0
0017:  BSF    1F.1
0018:  BSF    1F.2
....................    setup_adc(ADC_OFF); 
0019:  BCF    03.5
001A:  BCF    1F.0
....................    setup_spi(SPI_SS_DISABLED); 
001B:  BCF    14.5
001C:  BSF    03.5
001D:  BCF    07.5
001E:  BSF    07.4
001F:  BCF    07.3
0020:  MOVLW  01
0021:  BCF    03.5
0022:  MOVWF  14
....................    setup_timer_0(RTCC_INTERNAL|RTCC_DIV_1); 
0023:  BSF    03.5
0024:  MOVF   01,W
0025:  ANDLW  C7
0026:  IORLW  08
0027:  MOVWF  01
....................    setup_timer_1(T1_DISABLED); 
0028:  BCF    03.5
0029:  CLRF   10
....................    setup_timer_2(T2_DISABLED,0,1); 
002A:  MOVLW  00
002B:  MOVWF  21
002C:  MOVWF  12
002D:  MOVLW  00
002E:  BSF    03.5
002F:  MOVWF  12
....................    enable_interrupts(INT_RTCC); 
0030:  BCF    03.5
0031:  BSF    0B.5
....................    enable_interrupts(GLOBAL); 
0032:  MOVLW  C0
0033:  IORWF  0B,F
....................    set_tris_b(0x00); 
0034:  MOVLW  00
0035:  TRIS   6
....................    SET_TIMER0(0); 
0036:  CLRF   01
....................    while(1); 
0037:  GOTO   037
....................  
....................    // TODO: USER CODE!! 
....................  
.................... } 
0038:  SLEEP

Configuration Fuses:
   Word  1: 3FC0   LP NOWDT NOPUT PROTECT
